
Johannas-Air-2:~ johannakiefer$ cd Entwicklung/
Johannas-Air-2:Entwicklung johannakiefer$ cd zammad-admin-documentation/
Johannas-Air-2:zammad-admin-documentation johannakiefer$ git pull  *Aktuellen Stand von Github holen. Immer vor Änderungen. 
*Änderungen durchführen*

Johannas-Air-2:zammad-admin-documentation johannakiefer$ git status *Änderungen prüfen
On branch master
Your branch is up-to-date with 'origin/master'.
Changes not staged for commit:
  (use "git add <file>..." to update what will be committed)
  (use "git checkout -- <file>..." to discard changes in working directory)

	modified:   Readme.md

no changes added to commit (use "git add" and/or "git commit -a")

Johannas-Air-2:zammad-admin-documentation johannakiefer$ git add index.rst *Anderungen zu Update hinzufügen, einzelne Datei
ODER
Johannas-Air-2:zammad-admin-documentation johannakiefer$ git add . *Anderungen zu Update hinzufügen, alle Änderungen

Johannas-Air-2:zammad-admin-documentation johannakiefer$ git commit -m 'updated readme.'  *Update einspielen+Änderungsnachricht
Johannas-Air-2:zammad-admin-documentation johannakiefer$ git push  *Update hochladen zu Github
Johannas-Air-2:zammad-admin-documentation johannakiefer$ 





